// Jest Snapshot v1, https://goo.gl/fbAQLP

exports[`<Footer /> renders the <Footer /> with populated data 1`] = `
<div
  class="footer__Container-sc-1fdpkh2-0 fUBeXv"
>
  <p
    class="footer__Title-sc-1fdpkh2-4 gZbFnq"
  >
    Questions? Contact us.
  </p>
  <div
    class="footer__Break-sc-1fdpkh2-6 jRIqEZ"
  />
  <div
    class="footer__Row-sc-1fdpkh2-2 fdrbjY"
  >
    <div
      class="footer__Column-sc-1fdpkh2-1 cMEJCT"
    >
      <a
        class="footer__Link-sc-1fdpkh2-3 kCJDYb"
        href="#"
      >
        FAQ
      </a>
      <a
        class="footer__Link-sc-1fdpkh2-3 kCJDYb"
        href="#"
      >
        Investor Relations
      </a>
      <a
        class="footer__Link-sc-1fdpkh2-3 kCJDYb"
        href="#"
      >
        Ways to Watch
      </a>
      <a
        class="footer__Link-sc-1fdpkh2-3 kCJDYb"
        href="#"
      >
        Corporate Information
      </a>
      <a
        class="footer__Link-sc-1fdpkh2-3 kCJDYb"
        href="#"
      >
        BingBox Originals
      </a>
    </div>
    <div
      class="footer__Column-sc-1fdpkh2-1 cMEJCT"
    >
      <a
        class="footer__Link-sc-1fdpkh2-3 kCJDYb"
        href="#"
      >
        Help Centre
      </a>
      <a
        class="footer__Link-sc-1fdpkh2-3 kCJDYb"
        href="#"
      >
        Jobs
      </a>
      <a
        class="footer__Link-sc-1fdpkh2-3 kCJDYb"
        href="#"
      >
        Terms of Use
      </a>
      <a
        class="footer__Link-sc-1fdpkh2-3 kCJDYb"
        href="#"
      >
        Contact Us
      </a>
    </div>
    <div
      class="footer__Column-sc-1fdpkh2-1 cMEJCT"
    >
      <a
        class="footer__Link-sc-1fdpkh2-3 kCJDYb"
        href="#"
      >
        Account
      </a>
      <a
        class="footer__Link-sc-1fdpkh2-3 kCJDYb"
        href="#"
      >
        Redeem gift cards
      </a>
      <a
        class="footer__Link-sc-1fdpkh2-3 kCJDYb"
        href="#"
      >
        Privacy
      </a>
      <a
        class="footer__Link-sc-1fdpkh2-3 kCJDYb"
        href="#"
      >
        Speed Test
      </a>
    </div>
    <div
      class="footer__Column-sc-1fdpkh2-1 cMEJCT"
    >
      <a
        class="footer__Link-sc-1fdpkh2-3 kCJDYb"
        href="#"
      >
        Media Centre
      </a>
      <a
        class="footer__Link-sc-1fdpkh2-3 kCJDYb"
        href="#"
      >
        Buy gift cards
      </a>
      <a
        class="footer__Link-sc-1fdpkh2-3 kCJDYb"
        href="#"
      >
        Cookie Preferences
      </a>
      <a
        class="footer__Link-sc-1fdpkh2-3 kCJDYb"
        href="#"
      >
        Legal Notices
      </a>
    </div>
  </div>
  <div
    class="footer__Break-sc-1fdpkh2-6 jRIqEZ"
  />
  <p
    class="footer__Text-sc-1fdpkh2-5 kkKwzj"
  >
    BingBox KJSCE India
  </p>
</div>
`;
