// Jest Snapshot v1, https://goo.gl/fbAQLP

exports[`<Form /> renders the <Form /> with an error 1`] = `
<div
  class="form__Container-sc-1evz8eu-0 hwMbOK"
>
  <div
    class="form__Error-sc-1evz8eu-1 jqsEAX"
  >
    Your email address is already being used
  </div>
  <button
    class="form__Submit-sc-1evz8eu-8 PXapC"
    type="submit"
  >
    Sign In
  </button>
</div>
`;
